#max_provinces = 1466
definitions = "definition.csv"
provinces = "provinces.png"
#positions = "positions.txt"
rivers = "rivers.png"
#terrain_definition = "terrain.txt"
topology = "heightmap.heightmap"
#tree_definition = "trees.bmp"
continent = "continent.txt"
adjacencies = "adjacencies.csv"
#climate = "climate.txt"
island_region = "island_region.txt"
geographical_region = "geographical_region.txt"
seasons = "seasons.txt"

#############
# SEA ZONES
#############

# Western Seas
sea_zones = RANGE { 1039 1051 }
sea_zones = RANGE { 1054 1139 }
sea_zones = RANGE { 1141 1169 }

# Sea of Rhun
sea_zones = RANGE { 1215 1219 }

###############
# MAJOR RIVERS
###############

# Western Seas Rivers
river_provinces = RANGE { 1170 1209 }
river_provinces = RANGE { 1211 1214 }

# Sea of Rhun Rivers
river_provinces = RANGE { 1220 1229 }

########
# LAKES
########

lakes = RANGE { 1231 1236 }
lakes = RANGE { 1240 1251 }
lakes = RANGE { 1253 1257 }
lakes = RANGE { 1259 1262 }

#####################
# IMPASSABLE TERRAIN
#####################
# Can be colored by whoever owns the most of the province's neighbours.
# Blocks unit movement.

#Mordor
impassable_mountains = RANGE { 731 736 } # Gorgoroth Wastelands
impassable_mountains = LIST { 737 738 739 740 742 1350 } # Ephel Dúath
impassable_mountains = LIST { 1293 1294 1351 1449 1258 1252 } # Ephel Dúath
impassable_mountains = LIST { 741 743 744 745 } # Ered Lithui
impassable_mountains = LIST { 746 } # Eregwath
impassable_mountains = LIST { 747 748 } # Ered Angûrath
impassable_mountains = LIST { 1037 } # Nurn Desert

#Gondor
impassable_mountains = RANGE { 762 767 } # Ered Nimrais
impassable_mountains = RANGE { 1021 1024 } # Ered Nimrais
impassable_mountains = RANGE { 1344 1349 } # Ered Nimrais
impassable_mountains = RANGE { 1352 1367 } # Ered Nimrais
impassable_mountains = RANGE { 1368 1378 } # Belfalas
impassable_mountains = LIST { 1292 } # Tolfalas

#Eredwaith
impassable_mountains = LIST { 1379 } # Hills of Dunland

#Rohan and the Brown Lands
impassable_mountains = LIST { 1380 } # Hills of the West Marches
impassable_mountains = RANGE { 1381 1391 } # Brownland Ranges
impassable_mountains = RANGE { 1392 1394 } # Emyn Muil
impassable_mountains = LIST { 1395 1396 } # Entwash

#Harad
impassable_mountains = LIST { 1295 } # Pin Hingren
impassable_mountains = LIST { 1317 } # Haruze Mountains

#Umbar
impassable_mountains = LIST { 1310 1311 1400 1402 } # Umbar Mountains
impassable_mountains = LIST { 1401 1052 1053 1140 } # Umbar Plateaus

#Bellakar
impassable_mountains = LIST { 1210 1230 1237 1624 1625 } # Mardruak Mountains
impassable_mountains = RANGE { 1626 1640 } # Felaya Mountains
impassable_mountains = RANGE { 1929 1941 } # Bellazen Mountains
impassable_mountains = LIST { 1942 } # Ray Mountains
impassable_mountains = RANGE { 1943 1958 } # Nilulonde Plateaus

#Ray
impassable_mountains = RANGE { 2021 2033 } # Teeth of Tulwang
impassable_mountains = RANGE { 2221 2223 } # Ray Mountains

############
# WASTELAND
############
# These are actually supposed to be Wasteland:
# Cannot be colored. Blocks unit movement, used for things like Sahara desert. 

# impassable_mountains = 199
# 199;0;0;0;empty_lands;x

#Rohan and the Brown Lands
impassable_mountains = LIST { 1397 } # Temporary Fangorn
impassable_mountains = LIST { 1398 } # Temporary Lorien


# IMPASSABLE SEA ZONES
# These sea provinces cannot be crossed/sailed
impassable_seas = LIST { 1263 }