#max_provinces = 1466
definitions = "definition.csv"
provinces = "provinces.png"
#positions = "positions.txt"
rivers = "rivers.png"
#terrain_definition = "terrain.txt"
topology = "heightmap.heightmap"
#tree_definition = "trees.bmp"
continent = "continent.txt"
adjacencies = "adjacencies.csv"
#climate = "climate.txt"
island_region = "island_region.txt"
geographical_region = "geographical_region.txt"
seasons = "seasons.txt"

#############
# SEA ZONES
#############

# Western Seas
sea_zones = RANGE { 1039 1166 }

# Sea of Rhun
sea_zones = RANGE { 1215 1219 }

###############
# MAJOR RIVERS
###############

# Western Seas Rivers
river_provinces = RANGE { 1167 1214 }

# Sea of Rhun Rivers
river_provinces = RANGE { 1220 1229 }

########
# LAKES
########

lakes = RANGE { 1230 1262 }

#####################
# IMPASSABLE TERRAIN
#####################
# Can be colored by whoever owns the most of the province's neighbours.
# Blocks unit movement.

#Mordor
impassable_mountains = RANGE { 731 736 } # Gorgoroth Wastelands
impassable_mountains = LIST { 737 738 739 740 742 } # Ephel Dúath
impassable_mountains = LIST { 1293 1294 } # Ephel Dúath
impassable_mountains = LIST { 741 743 744 745 } # Ered Lithui
impassable_mountains = LIST { 746 } # Eregwath
impassable_mountains = LIST { 747 748 } # Ered Angûrath
impassable_mountains = LIST { 1037 } # Nurn Desert

#Gondor
impassable_mountains = RANGE { 762 767 } # Ered Nimrais
impassable_mountains = RANGE { 1021 1024 } # Ered Nimrais
impassable_mountains = LIST { 1292 } # Tolfalas

#Harad
impassable_mountains = LIST { 1295 } # Pin Hingren

#Umbar
impassable_mountains = LIST { 1310 1311 } # Umbar Mountains

############
# WASTELAND
############
# These are actually supposed to be Wasteland:
# Cannot be colored. Blocks unit movement, used for things like Sahara desert. 

# impassable_mountains = 199
# 199;0;0;0;empty_lands;x


# IMPASSABLE SEA ZONES
# These sea provinces cannot be crossed/sailed
impassable_seas = LIST { 1263 }